// Jest Snapshot v1, https://goo.gl/fbAQLP

exports[`Icon tests Should render HomeIcon 1`] = `ShallowWrapper {}`;

exports[`Icon tests Should render InfoIcon 1`] = `ShallowWrapper {}`;
