// Jest Snapshot v1, https://goo.gl/fbAQLP

exports[`Todo component test should render 1`] = `ShallowWrapper {}`;
