// Jest Snapshot v1, https://goo.gl/fbAQLP

exports[`AppNavigation tests should render 1`] = `
ShallowWrapper {
  Symbol(enzyme.__root__): [Circular],
  Symbol(enzyme.__unrendered__): <NavigationContainer />,
  Symbol(enzyme.__renderer__): Object {
    "batchedUpdates": [Function],
    "checkPropTypes": [Function],
    "getNode": [Function],
    "render": [Function],
    "simulateError": [Function],
    "simulateEvent": [Function],
    "unmount": [Function],
  },
  Symbol(enzyme.__node__): Object {
    "instance": null,
    "key": undefined,
    "nodeType": "function",
    "props": Object {
      "children": <Navigator
        navigation={
          Object {
            "_childrenNavigation": Object {},
            "actions": Object {},
            "addListener": [Function],
            "dangerouslyGetParent": [Function],
            "dispatch": [Function],
            "getChildNavigation": [Function],
            "getScreenProps": [Function],
            "goBack": [Function],
            "isFocused": [Function],
            "navigate": [Function],
            "router": Object {
              "childRouters": Object {
                "About": null,
                "Home": null,
              },
              "getActionCreators": [Function],
              "getActionForPathAndParams": [Function],
              "getComponentForRouteName": [Function],
              "getComponentForState": [Function],
              "getPathAndParamsForState": [Function],
              "getScreenOptions": [Function],
              "getStateForAction": [Function],
            },
            "setParams": [Function],
            "state": Object {
              "index": 0,
              "isTransitioning": false,
              "routes": Array [
                Object {
                  "key": "Home",
                  "params": undefined,
                  "routeName": "Home",
                },
                Object {
                  "key": "About",
                  "params": undefined,
                  "routeName": "About",
                },
              ],
            },
          }
        }
      />,
      "value": Object {
        "_childrenNavigation": Object {},
        "actions": Object {},
        "addListener": [Function],
        "dangerouslyGetParent": [Function],
        "dispatch": [Function],
        "getChildNavigation": [Function],
        "getScreenProps": [Function],
        "goBack": [Function],
        "isFocused": [Function],
        "navigate": [Function],
        "router": Object {
          "childRouters": Object {
            "About": null,
            "Home": null,
          },
          "getActionCreators": [Function],
          "getActionForPathAndParams": [Function],
          "getComponentForRouteName": [Function],
          "getComponentForState": [Function],
          "getPathAndParamsForState": [Function],
          "getScreenOptions": [Function],
          "getStateForAction": [Function],
        },
        "setParams": [Function],
        "state": Object {
          "index": 0,
          "isTransitioning": false,
          "routes": Array [
            Object {
              "key": "Home",
              "params": undefined,
              "routeName": "Home",
            },
            Object {
              "key": "About",
              "params": undefined,
              "routeName": "About",
            },
          ],
        },
      },
    },
    "ref": null,
    "rendered": Object {
      "instance": null,
      "key": undefined,
      "nodeType": "class",
      "props": Object {
        "navigation": Object {
          "_childrenNavigation": Object {},
          "actions": Object {},
          "addListener": [Function],
          "dangerouslyGetParent": [Function],
          "dispatch": [Function],
          "getChildNavigation": [Function],
          "getScreenProps": [Function],
          "goBack": [Function],
          "isFocused": [Function],
          "navigate": [Function],
          "router": Object {
            "childRouters": Object {
              "About": null,
              "Home": null,
            },
            "getActionCreators": [Function],
            "getActionForPathAndParams": [Function],
            "getComponentForRouteName": [Function],
            "getComponentForState": [Function],
            "getPathAndParamsForState": [Function],
            "getScreenOptions": [Function],
            "getStateForAction": [Function],
          },
          "setParams": [Function],
          "state": Object {
            "index": 0,
            "isTransitioning": false,
            "routes": Array [
              Object {
                "key": "Home",
                "params": undefined,
                "routeName": "Home",
              },
              Object {
                "key": "About",
                "params": undefined,
                "routeName": "About",
              },
            ],
          },
        },
      },
      "ref": null,
      "rendered": null,
      "type": [Function],
    },
    "type": Object {
      "$$typeof": Symbol(react.provider),
      "_context": Object {
        "$$typeof": Symbol(react.context),
        "Consumer": Object {
          "$$typeof": Symbol(react.context),
          "_calculateChangedBits": null,
          "_context": [Circular],
        },
        "Provider": [Circular],
        "_calculateChangedBits": null,
        "_currentRenderer": null,
        "_currentRenderer2": null,
        "_currentValue": undefined,
        "_currentValue2": undefined,
        "_threadCount": 0,
      },
    },
  },
  Symbol(enzyme.__nodes__): Array [
    Object {
      "instance": null,
      "key": undefined,
      "nodeType": "function",
      "props": Object {
        "children": <Navigator
          navigation={
            Object {
              "_childrenNavigation": Object {},
              "actions": Object {},
              "addListener": [Function],
              "dangerouslyGetParent": [Function],
              "dispatch": [Function],
              "getChildNavigation": [Function],
              "getScreenProps": [Function],
              "goBack": [Function],
              "isFocused": [Function],
              "navigate": [Function],
              "router": Object {
                "childRouters": Object {
                  "About": null,
                  "Home": null,
                },
                "getActionCreators": [Function],
                "getActionForPathAndParams": [Function],
                "getComponentForRouteName": [Function],
                "getComponentForState": [Function],
                "getPathAndParamsForState": [Function],
                "getScreenOptions": [Function],
                "getStateForAction": [Function],
              },
              "setParams": [Function],
              "state": Object {
                "index": 0,
                "isTransitioning": false,
                "routes": Array [
                  Object {
                    "key": "Home",
                    "params": undefined,
                    "routeName": "Home",
                  },
                  Object {
                    "key": "About",
                    "params": undefined,
                    "routeName": "About",
                  },
                ],
              },
            }
          }
        />,
        "value": Object {
          "_childrenNavigation": Object {},
          "actions": Object {},
          "addListener": [Function],
          "dangerouslyGetParent": [Function],
          "dispatch": [Function],
          "getChildNavigation": [Function],
          "getScreenProps": [Function],
          "goBack": [Function],
          "isFocused": [Function],
          "navigate": [Function],
          "router": Object {
            "childRouters": Object {
              "About": null,
              "Home": null,
            },
            "getActionCreators": [Function],
            "getActionForPathAndParams": [Function],
            "getComponentForRouteName": [Function],
            "getComponentForState": [Function],
            "getPathAndParamsForState": [Function],
            "getScreenOptions": [Function],
            "getStateForAction": [Function],
          },
          "setParams": [Function],
          "state": Object {
            "index": 0,
            "isTransitioning": false,
            "routes": Array [
              Object {
                "key": "Home",
                "params": undefined,
                "routeName": "Home",
              },
              Object {
                "key": "About",
                "params": undefined,
                "routeName": "About",
              },
            ],
          },
        },
      },
      "ref": null,
      "rendered": Object {
        "instance": null,
        "key": undefined,
        "nodeType": "class",
        "props": Object {
          "navigation": Object {
            "_childrenNavigation": Object {},
            "actions": Object {},
            "addListener": [Function],
            "dangerouslyGetParent": [Function],
            "dispatch": [Function],
            "getChildNavigation": [Function],
            "getScreenProps": [Function],
            "goBack": [Function],
            "isFocused": [Function],
            "navigate": [Function],
            "router": Object {
              "childRouters": Object {
                "About": null,
                "Home": null,
              },
              "getActionCreators": [Function],
              "getActionForPathAndParams": [Function],
              "getComponentForRouteName": [Function],
              "getComponentForState": [Function],
              "getPathAndParamsForState": [Function],
              "getScreenOptions": [Function],
              "getStateForAction": [Function],
            },
            "setParams": [Function],
            "state": Object {
              "index": 0,
              "isTransitioning": false,
              "routes": Array [
                Object {
                  "key": "Home",
                  "params": undefined,
                  "routeName": "Home",
                },
                Object {
                  "key": "About",
                  "params": undefined,
                  "routeName": "About",
                },
              ],
            },
          },
        },
        "ref": null,
        "rendered": null,
        "type": [Function],
      },
      "type": Object {
        "$$typeof": Symbol(react.provider),
        "_context": Object {
          "$$typeof": Symbol(react.context),
          "Consumer": Object {
            "$$typeof": Symbol(react.context),
            "_calculateChangedBits": null,
            "_context": [Circular],
          },
          "Provider": [Circular],
          "_calculateChangedBits": null,
          "_currentRenderer": null,
          "_currentRenderer2": null,
          "_currentValue": undefined,
          "_currentValue2": undefined,
          "_threadCount": 0,
        },
      },
    },
  ],
  Symbol(enzyme.__options__): Object {
    "adapter": ReactSixteenAdapter {
      "options": Object {
        "enableComponentDidUpdateOnSetState": true,
        "legacyContextMode": "parent",
        "lifecycles": Object {
          "componentDidUpdate": Object {
            "onSetState": true,
          },
          "getChildContext": Object {
            "calledByRenderer": false,
          },
          "getDerivedStateFromProps": true,
          "getSnapshotBeforeUpdate": true,
          "setState": Object {
            "skipsComponentDidUpdateOnNullish": true,
          },
        },
      },
    },
  },
}
`;
