// Jest Snapshot v1, https://goo.gl/fbAQLP

exports[`HomeScreen test should render 1`] = `
ShallowWrapper {
  Symbol(enzyme.__root__): [Circular],
  Symbol(enzyme.__unrendered__): <Unknown />,
  Symbol(enzyme.__renderer__): Object {
    "batchedUpdates": [Function],
    "getNode": [Function],
    "render": [Function],
    "simulateError": [Function],
    "simulateEvent": [Function],
    "unmount": [Function],
  },
  Symbol(enzyme.__node__): Object {
    "instance": null,
    "key": undefined,
    "nodeType": "class",
    "props": Object {
      "children": Array [
        <Text
          style={
            Object {
              "color": "#333333",
              "fontSize": 16,
              "fontWeight": "bold",
              "marginBottom": 5,
              "textAlign": "center",
            }
          }
        >
          Home screen
        </Text>,
        <Text
          style={
            Object {
              "color": "#333333",
              "fontSize": 16,
              "fontWeight": "bold",
              "marginBottom": 5,
              "textAlign": "center",
            }
          }
        >
          iOS
        </Text>,
        <Connect(Todo) />,
      ],
      "style": Object {
        "backgroundColor": "#F5FCFF",
        "flex": 1,
      },
    },
    "ref": null,
    "rendered": Array [
      Object {
        "instance": null,
        "key": undefined,
        "nodeType": "class",
        "props": Object {
          "children": "Home screen",
          "style": Object {
            "color": "#333333",
            "fontSize": 16,
            "fontWeight": "bold",
            "marginBottom": 5,
            "textAlign": "center",
          },
        },
        "ref": null,
        "rendered": "Home screen",
        "type": [Function],
      },
      Object {
        "instance": null,
        "key": undefined,
        "nodeType": "class",
        "props": Object {
          "children": "iOS",
          "style": Object {
            "color": "#333333",
            "fontSize": 16,
            "fontWeight": "bold",
            "marginBottom": 5,
            "textAlign": "center",
          },
        },
        "ref": null,
        "rendered": "iOS",
        "type": [Function],
      },
      Object {
        "instance": null,
        "key": undefined,
        "nodeType": "class",
        "props": Object {},
        "ref": null,
        "rendered": null,
        "type": [Function],
      },
    ],
    "type": [Function],
  },
  Symbol(enzyme.__nodes__): Array [
    Object {
      "instance": null,
      "key": undefined,
      "nodeType": "class",
      "props": Object {
        "children": Array [
          <Text
            style={
              Object {
                "color": "#333333",
                "fontSize": 16,
                "fontWeight": "bold",
                "marginBottom": 5,
                "textAlign": "center",
              }
            }
          >
            Home screen
          </Text>,
          <Text
            style={
              Object {
                "color": "#333333",
                "fontSize": 16,
                "fontWeight": "bold",
                "marginBottom": 5,
                "textAlign": "center",
              }
            }
          >
            iOS
          </Text>,
          <Connect(Todo) />,
        ],
        "style": Object {
          "backgroundColor": "#F5FCFF",
          "flex": 1,
        },
      },
      "ref": null,
      "rendered": Array [
        Object {
          "instance": null,
          "key": undefined,
          "nodeType": "class",
          "props": Object {
            "children": "Home screen",
            "style": Object {
              "color": "#333333",
              "fontSize": 16,
              "fontWeight": "bold",
              "marginBottom": 5,
              "textAlign": "center",
            },
          },
          "ref": null,
          "rendered": "Home screen",
          "type": [Function],
        },
        Object {
          "instance": null,
          "key": undefined,
          "nodeType": "class",
          "props": Object {
            "children": "iOS",
            "style": Object {
              "color": "#333333",
              "fontSize": 16,
              "fontWeight": "bold",
              "marginBottom": 5,
              "textAlign": "center",
            },
          },
          "ref": null,
          "rendered": "iOS",
          "type": [Function],
        },
        Object {
          "instance": null,
          "key": undefined,
          "nodeType": "class",
          "props": Object {},
          "ref": null,
          "rendered": null,
          "type": [Function],
        },
      ],
      "type": [Function],
    },
  ],
  Symbol(enzyme.__options__): Object {
    "adapter": ReactSixteenAdapter {
      "options": Object {
        "enableComponentDidUpdateOnSetState": true,
        "lifecycles": Object {
          "componentDidUpdate": Object {
            "onSetState": true,
          },
          "getDerivedStateFromProps": true,
          "getSnapshotBeforeUpdate": true,
          "setState": Object {
            "skipsComponentDidUpdateOnNullish": true,
          },
        },
      },
    },
  },
}
`;
