// Jest Snapshot v1, https://goo.gl/fbAQLP

exports[`AppNavigation tests Should match AppNavigation snapshot 1`] = `ShallowWrapper {}`;
