// Jest Snapshot v1, https://goo.gl/fbAQLP

exports[`TodoItem component test should render create todo component 1`] = `ShallowWrapper {}`;
